WARNING : Project's CLI version could not be detected from `requirements.txt`.
WARNING : Try `pretext update-project` to produce a compatible file.
INFO    : Building target web
INFO    : XSL conversion of /Volumes/Sonnet_SSD/DocumentsS/GitHub/calculus_in_context/source/main.ptx by /Users/aaronweinberg/.ptx/2.44.0/core/xsl/utilities/pretext-enhanced-source.xsl
INFO    : successful application of /Users/aaronweinberg/.ptx/2.44.0/core/xsl/utilities/pretext-enhanced-source.xsl
WARNING : Schema validation could not be completed: no validator was available (jing is not installed and lxml could not compile the schema). Continuing with build.
INFO    : Generating any needed assets.
INFO    : Finished generating assets.

INFO    : Preparing to build into /Volumes/Sonnet_SSD/DocumentsS/GitHub/calculus_in_context/output/web.
INFO    : discovering source file's directory name: /Volumes/Sonnet_SSD/DocumentsS/GitHub/calculus_in_context/source
INFO    : verifying and expanding input directory: /Volumes/Sonnet_SSD/DocumentsS/GitHub/calculus_in_context/source/../generated-assets
INFO    : input directory expanded to absolute path: /Volumes/Sonnet_SSD/DocumentsS/GitHub/calculus_in_context/generated-assets
INFO    : verifying and expanding input directory: /Volumes/Sonnet_SSD/DocumentsS/GitHub/calculus_in_context/source/../assets
INFO    : input directory expanded to absolute path: /Volumes/Sonnet_SSD/DocumentsS/GitHub/calculus_in_context/assets
INFO    : discovering source file's directory name: /Volumes/Sonnet_SSD/DocumentsS/GitHub/calculus_in_context/source
INFO    : XSL conversion of /Volumes/Sonnet_SSD/DocumentsS/GitHub/calculus_in_context/source/main.ptx by /Users/aaronweinberg/.ptx/2.44.0/core/xsl/utilities/report-publisher-variables.xsl
INFO    : successful application of /Users/aaronweinberg/.ptx/2.44.0/core/xsl/utilities/report-publisher-variables.xsl
INFO    : Downloading rs services file from https://runestone.academy/cdn/runestone/latest/webpack_static_imports.xml.
INFO    : Runestone Services via online CDN query: version 8.1.16
INFO    : Downloading Runestone Services, version 8.1.16
INFO    : Extracting Runestone Services from archive file
INFO    : Building custom css theme: theme-default-modern
INFO    : converting /Volumes/Sonnet_SSD/DocumentsS/GitHub/calculus_in_context/source/main.ptx to HTML in /var/folders/gs/h69vjsl512b8200d29lxpgrc0000gn/T/ptx-_47f2grb
INFO    : XSL conversion of /Volumes/Sonnet_SSD/DocumentsS/GitHub/calculus_in_context/source/main.ptx by /Users/aaronweinberg/.ptx/2.44.0/core/xsl/pretext-html.xsl
INFO    : messages from the log for XSL processing:
WARNING : * PTX:WARNING: There are apparent XML elements in locations that should be text only (3 times).
WARNING : * PTX:WARNING: There is an apparent XML element (<em>) inside an <input> element, which should only contain text.  Using an escaped "less than" ('&lt;') might be the solution, or using a CDATA section.
INFO    : *              located at: pretext/book/chapter/section/subsection/program/input/em
INFO    : *              located within: "program-sequence" (xml:id), "SEQUENCE" (title)
WARNING : * PTX:WARNING: There is an apparent XML element (<em>) inside an <input> element, which should only contain text.  Using an escaped "less than" ('&lt;') might be the solution, or using a CDATA section.
INFO    : *              located at: pretext/book/chapter/section/subsection/program/input/em
INFO    : *              located within: "program-sequence" (xml:id), "SEQUENCE" (title)
WARNING : * PTX:WARNING: There is an apparent XML element (<em>) inside an <input> element, which should only contain text.  Using an escaped "less than" ('&lt;') might be the solution, or using a CDATA section.
INFO    : *              located at: pretext/book/chapter/section/subsection/program/input/em
INFO    : *              located within: "program-sequence" (xml:id), "SEQUENCE" (title)
WARNING : * PTX:WARNING:   a <tabular> has at least one paragraph (<p>) inside a <cell>, yet there are no <col> elements with a @width attribute.  Default widths will be supplied.
INFO    : *              located at: pretext/book/chapter/section/subsection/paragraphs/table/tabular/row/cell/table/tabular
INFO    : *              located within: "" (title)
WARNING : * PTX:WARNING:   a <tabular> has at least one paragraph (<p>) inside a <cell>, yet there are no <col> elements with a @width attribute.  Default widths will be supplied.
INFO    : *              located at: pretext/book/chapter/section/subsection/paragraphs/table/tabular/row/cell/table/tabular
INFO    : *              located within: "" (title)
WARNING : * PTX:WARNING:   a <tabular> has at least one paragraph (<p>) inside a <cell>, yet there are no <col> elements with a @width attribute.  Default widths will be supplied.
INFO    : *              located at: pretext/book/chapter/section/exercises/exercisegroup/exercise/statement/table/tabular
INFO    : *              located within: "" (title)
WARNING : * PTX:WARNING:   a <tabular> has at least one paragraph (<p>) inside a <cell>, yet there are no <col> elements with a @width attribute.  Default widths will be supplied.
INFO    : *              located at: pretext/book/chapter/section/exercises/exercisegroup/exercise/statement/table/tabular
INFO    : *              located within: "" (title)
WARNING : * PTX:WARNING:   a <tabular> has at least one paragraph (<p>) inside a <cell>, yet there are no <col> elements with a @width attribute.  Default widths will be supplied.
INFO    : *              located at: pretext/book/chapter/section/exercises/exercise/statement/table/tabular
INFO    : *              located within: "" (title)
WARNING : * PTX:WARNING:   a <tabular> has at least one paragraph (<p>) inside a <cell>, yet there are no <col> elements with a @width attribute.  Default widths will be supplied.
INFO    : *              located at: pretext/book/chapter/section/subsection/table/tabular
INFO    : *              located within: "" (title)
INFO    : * PTX:INFO:   checking all deprecated elements.
WARNING : * PTX:DEPRECATE: (2024-11-19) program/input now should be program/code. An automatic correction will be attempted. (3 times)
INFO    : *              located at: pretext/book/chapter/section/subsection/program/input
INFO    : *              located within: "program-sequence" (xml:id), "SEQUENCE" (title)
INFO    : *              located at: pretext/book/chapter/section/subsection/program/input
INFO    : *              located within: "program-length" (xml:id), "LENGTH" (title)
INFO    : *              located at: pretext/book/chapter/section/subsection/paragraphs/program/input
INFO    : *              located within: "program-babylon" (xml:id), "BABYLON" (title)
INFO    : * --------------
INFO    : successful application of /Users/aaronweinberg/.ptx/2.44.0/core/xsl/pretext-html.xsl
INFO    : Removing temporary directory /var/folders/gs/h69vjsl512b8200d29lxpgrc0000gn/T/ptx-_47f2grb
INFO    : Removing temporary directory /var/folders/gs/h69vjsl512b8200d29lxpgrc0000gn/T/ptx-tkjrf2l7
INFO    : 
Finished build for target web. Run `pretext view web` to see the results.

INFO    : 
Success!  Built requested target(s) without errors.

INFO    : 
