WARNING : Project's CLI version could not be detected from `requirements.txt`.
WARNING : Try `pretext update-project` to produce a compatible file.
INFO    : Building target web
INFO    : XSL conversion of /Volumes/Sonnet_SSD/DocumentsS/GitHub/calculus_in_context/source/main.ptx by /Users/aaronweinberg/.ptx/2.44.0/core/xsl/utilities/pretext-enhanced-source.xsl
ERROR   : Error loading /Volumes/Sonnet_SSD/DocumentsS/GitHub/calculus_in_context/source/ch1.ptx: CData section not finished


\begin{tikzpicture}[>=latex]

% Box 1
\node[
dra, line 3252, column 11 (ch1.ptx, line 3252)
ERROR   : Error assembling source file: CData section not finished


\begin{tikzpicture}[>=latex]

% Box 1
\node[
dra, line 3252, column 11 (ch1.ptx, line 3252)
CRITICAL: XML syntax for source file is invalid
INFO    : ------------------------
CRITICAL: Failed to build without errors.  Exiting...
INFO    : 
----------------------------------------------------
INFO    : While running pretext, the following errors occurred:

INFO    : (see log messages above or in the 'logs' folder for more information)
INFO    : ----------------------------------------------------
