INFO    : Building target web
INFO    : XSL conversion of /Volumes/Sonnet_SSD/DocumentsS/GitHub/calculus_in_context/source/main.ptx by /Users/aaronweinberg/.ptx/2.45.0/core/xsl/utilities/pretext-enhanced-source.xsl
INFO    : successful application of /Users/aaronweinberg/.ptx/2.45.0/core/xsl/utilities/pretext-enhanced-source.xsl
INFO    : Generating any needed assets.
INFO    : Finished generating assets.

INFO    : Preparing to build into /Volumes/Sonnet_SSD/DocumentsS/GitHub/calculus_in_context/output/web.
INFO    : discovering source file's directory name: /Volumes/Sonnet_SSD/DocumentsS/GitHub/calculus_in_context/source
INFO    : verifying and expanding input directory: /Volumes/Sonnet_SSD/DocumentsS/GitHub/calculus_in_context/source/../generated-assets
INFO    : input directory expanded to absolute path: /Volumes/Sonnet_SSD/DocumentsS/GitHub/calculus_in_context/generated-assets
INFO    : verifying and expanding input directory: /Volumes/Sonnet_SSD/DocumentsS/GitHub/calculus_in_context/source/../assets
INFO    : input directory expanded to absolute path: /Volumes/Sonnet_SSD/DocumentsS/GitHub/calculus_in_context/assets
INFO    : discovering source file's directory name: /Volumes/Sonnet_SSD/DocumentsS/GitHub/calculus_in_context/source
INFO    : XSL conversion of /Volumes/Sonnet_SSD/DocumentsS/GitHub/calculus_in_context/source/main.ptx by /Users/aaronweinberg/.ptx/2.45.0/core/xsl/utilities/report-publisher-variables.xsl
INFO    : successful application of /Users/aaronweinberg/.ptx/2.45.0/core/xsl/utilities/report-publisher-variables.xsl
INFO    : Downloading rs services file from https://runestone.academy/cdn/runestone/latest/webpack_static_imports.xml.
INFO    : Runestone Services via online CDN query: version 8.1.16
INFO    : Downloading Runestone Services, version 8.1.16
INFO    : Extracting Runestone Services from archive file
INFO    : Building custom css theme: theme-default-modern
INFO    : converting /Volumes/Sonnet_SSD/DocumentsS/GitHub/calculus_in_context/source/main.ptx to HTML in /var/folders/gs/h69vjsl512b8200d29lxpgrc0000gn/T/ptx-8qf0y0um
INFO    : XSL conversion of /Volumes/Sonnet_SSD/DocumentsS/GitHub/calculus_in_context/source/main.ptx by /Users/aaronweinberg/.ptx/2.45.0/core/xsl/pretext-html.xsl
INFO    : messages from the log for XSL processing (prefaced with a *):
WARNING : * PTX:WARNING:   a <tabular> has at least one paragraph (<p>) inside a <cell>, yet there are no <col> elements with a @width attribute.  Default widths will be supplied.
INFO    : *              located at: pretext/book/chapter/section/exercises/exercise/statement/table/tabular
INFO    : *              located within: "" (title)
WARNING : * PTX:WARNING:   a <tabular> has at least one paragraph (<p>) inside a <cell>, yet there are no <col> elements with a @width attribute.  Default widths will be supplied.
INFO    : *              located at: pretext/book/chapter/section/subsection/table/tabular
INFO    : *              located within: "" (title)
INFO    : * PTX:INFO:   checking all deprecated elements.
ERROR   : * PTX:ERROR:      An <xref> wants to build text using a number to identify the target, but the target (which has @xml:id "ch3-subsubsec-the-expanding-house") does not have a number. You could try 'text="title"' or 'text="custom"' on the "xref".
INFO    : *              located at: pretext/book/chapter/section/subsection/paragraphs/p/xref
INFO    : *              located within: "ch3-subsubsec-from-measurements-to-calculations" (xml:id), "From Measurements to Calculations" (title)
ERROR   : * PTX:ERROR:      An <xref> wants to build text using a number to identify the target, but the target (which has @xml:id "ch4-subsubsec-a-formula-for-constant-per-capita-growth") does not have a number. You could try 'text="title"' or 'text="custom"' on the "xref".
INFO    : *              located at: pretext/book/chapter/section/subsection/p/xref
INFO    : *              located within: "ch4-subsec-the-exponential-functions-bdisplaystyle-x" (xml:id), "The Exponential Functions b^{\displaystyle x}
      " (title)
ERROR   : * PTX:ERROR:   a cross-reference ("xref") uses references [program-sirvalue] that do not point to any target, or perhaps point to multiple targets.  Maybe you typed an @xml:id value wrong, maybe the target of the @xml:id is nonexistent, or maybe you temporarily removed the target from your source, or maybe an auxiliary file contains a duplicate.  Your output will contain some placeholder text that you will not want to distribute to your readers.
INFO    : *              located at: pretext/book/chapter/section/subsection/p/xref
INFO    : *              located within: "ch4-subsec-eulers-method-revisited" (xml:id), "Euler’s Method Revisited" (title)
ERROR   : * PTX:ERROR:   a cross-reference ("xref") uses references [program-sirplot] that do not point to any target, or perhaps point to multiple targets.  Maybe you typed an @xml:id value wrong, maybe the target of the @xml:id is nonexistent, or maybe you temporarily removed the target from your source, or maybe an auxiliary file contains a duplicate.  Your output will contain some placeholder text that you will not want to distribute to your readers.
INFO    : *              located at: pretext/book/chapter/section/subsection/p/xref
INFO    : *              located within: "ch4-subsec-eulers-method-revisited" (xml:id), "Euler’s Method Revisited" (title)
INFO    : successful application of /Users/aaronweinberg/.ptx/2.45.0/core/xsl/pretext-html.xsl
INFO    : Removing temporary directory /var/folders/gs/h69vjsl512b8200d29lxpgrc0000gn/T/ptx-8qf0y0um
INFO    : Removing temporary directory /var/folders/gs/h69vjsl512b8200d29lxpgrc0000gn/T/ptx-433ng2ol
INFO    : 
Finished build for target web. Run `pretext view web` to see the results.

FATAL   : There were errors during the build.  See above.
INFO    : ------------------------
FATAL   : Failed to build without errors.  Exiting...
INFO    : 
----------------------------------------------------
INFO    : While running pretext, the following errors occurred:

INFO    : (see log messages above or in the 'logs' folder for more information)
INFO    : ----------------------------------------------------
